// Jest Snapshot v1, https://goo.gl/fbAQLP

exports[`CartIcon component should render CartIcon component 1`] = `
"<CartContainer onClick={[Function: mockConstructor]}>
  <Styled(Component) />
  <ItemCountContainer>
    0
  </ItemCountContainer>
</CartContainer>"
`;
